[OK] User
[OK] Silos
[OK] Networks
[WARNING] Leftovers:
  [WARNING] foo
  [WARNING] linked_networks/bar
