[OK] User
[ERROR] Storage resources:
  [ERROR] aws_storage is faulty because credentials are missing
[ERROR] Networks:
  [ERROR] bob/aws_network is faulty because "aws_storage" (credentials are missing) storage resource is faulty
[ERROR] Volumes:
  [ERROR] bob/aws_volume is faulty because network "bob/aws_network" is faulty
[ERROR] Drives:
  [ERROR] bob/aws_drive is faulty because volume "bob/aws_volume" is faulty
[OK] Leftovers
