[OK] User
[OK] Silos
[ERROR] Networks:
  [ERROR] bob/aws_network is faulty because "aws_storage" (missing) silo is faulty
[ERROR] Volumes:
  [ERROR] bob/aws_volume is faulty because network "bob/aws_network" is faulty
[ERROR] Drives:
  [ERROR] bob/aws_drive is faulty because volume "bob/aws_volume" is faulty
[OK] Leftovers
