[OK] User
[OK] Storage resources
[OK] Networks
[OK] Volumes
[ERROR] Drives:
  [ERROR] bob/aws_drive is faulty because volume "bob/aws_volume" is missing
[OK] Leftovers
