[OK] User
[OK] Silos
[OK] Networks
[OK] Volumes
[OK] Drives
[OK] Leftovers
