[ERROR] User:
  Reason: user "bob" has no private key
[OK] Storage resources
[OK] Networks
[OK] Volumes
[OK] Drives
[OK] Leftovers
