[ERROR] User:
  Reason: user "bob" is not an Infinit user
[OK] Storage resources
[OK] Networks
[OK] Volumes
[OK] Drives
[OK] Leftovers
